[    3625ms] [WARNING] Reflect is already polyfilled. @ https://sf16-website-login.neutral.ttwstatic.com/obj/tiktok_web_login_static/tiktok/webapp/main/react-v18/webapp-desktop/static/js/webapp-desktop.33b0735e.js:0
[    5039ms] [LOG] %c %s color: yellow; background-color: black; [instance: default] appid: 1988, userInfo:{"user_unique_id":"7667913557367916053","user_type":12,"user_id":"7667913492159415317","user_is_login":false,"device_id":"7667913557367916053"} @ https://sf16-website-login.neutral.ttwstatic.com/obj/tiktok_web_login_static/tiktok/webapp/main/react-v18/webapp-desktop/static/js/npm-dp-byted-tea-sdk-oversea.f4e273c4.js:0
[    5041ms] [LOG] %c %s color: yellow; background-color: black; [instance: default] appid: 1988, sdk is ready, version is 5.3.17, you can report now !!! @ https://sf16-website-login.neutral.ttwstatic.com/obj/tiktok_web_login_static/tiktok/webapp/main/react-v18/webapp-desktop/static/js/npm-dp-byted-tea-sdk-oversea.f4e273c4.js:0
[    5645ms] Uncaught Error: Minified React error #418; visit https://reactjs.org/docs/error-decoder.html?invariant=418 for the full message or use the non-minified dev environment for full errors and additional helpful warnings.
    at ag (https://sf16-website-login.neutral.ttwstatic.com/obj/tiktok_web_login_static/tiktok/webapp/main/react-v18/webapp-desktop/static/js/npm-react.50f94747.js:1:119459)
    at i (https://sf16-website-login.neutral.ttwstatic.com/obj/tiktok_web_login_static/tiktok/webapp/main/react-v18/webapp-desktop/static/js/npm-react.50f94747.js:1:194082)
    at uM (https://sf16-website-login.neutral.ttwstatic.com/obj/tiktok_web_login_static/tiktok/webapp/main/react-v18/webapp-desktop/static/js/npm-react.50f94747.js:1:172066)
    at uz (https://sf16-website-login.neutral.ttwstatic.com/obj/tiktok_web_login_static/tiktok/webapp/main/react-v18/webapp-desktop/static/js/npm-react.50f94747.js:1:171936)
    at uw (https://sf16-website-login.neutral.ttwstatic.com/obj/tiktok_web_login_static/tiktok/webapp/main/react-v18/webapp-desktop/static/js/npm-react.50f94747.js:1:167009)
    at x (https://sf16-website-login.neutral.ttwstatic.com/obj/tiktok_web_login_static/tiktok/webapp/main/react-v18/webapp-desktop/static/js/npm-react.50f94747.js:1:259871)
    at N (https://sf16-website-login.neutral.ttwstatic.com/obj/tiktok_web_login_static/tiktok/webapp/main/react-v18/webapp-desktop/static/js/npm-react.50f94747.js:1:260401)
[    5646ms] Uncaught Error: Minified React error #418; visit https://reactjs.org/docs/error-decoder.html?invariant=418 for the full message or use the non-minified dev environment for full errors and additional helpful warnings.
    at ag (https://sf16-website-login.neutral.ttwstatic.com/obj/tiktok_web_login_static/tiktok/webapp/main/react-v18/webapp-desktop/static/js/npm-react.50f94747.js:1:119459)
    at i (https://sf16-website-login.neutral.ttwstatic.com/obj/tiktok_web_login_static/tiktok/webapp/main/react-v18/webapp-desktop/static/js/npm-react.50f94747.js:1:194082)
    at uM (https://sf16-website-login.neutral.ttwstatic.com/obj/tiktok_web_login_static/tiktok/webapp/main/react-v18/webapp-desktop/static/js/npm-react.50f94747.js:1:172066)
    at uz (https://sf16-website-login.neutral.ttwstatic.com/obj/tiktok_web_login_static/tiktok/webapp/main/react-v18/webapp-desktop/static/js/npm-react.50f94747.js:1:171936)
    at uw (https://sf16-website-login.neutral.ttwstatic.com/obj/tiktok_web_login_static/tiktok/webapp/main/react-v18/webapp-desktop/static/js/npm-react.50f94747.js:1:167009)
    at x (https://sf16-website-login.neutral.ttwstatic.com/obj/tiktok_web_login_static/tiktok/webapp/main/react-v18/webapp-desktop/static/js/npm-react.50f94747.js:1:259871)
    at N (https://sf16-website-login.neutral.ttwstatic.com/obj/tiktok_web_login_static/tiktok/webapp/main/react-v18/webapp-desktop/static/js/npm-react.50f94747.js:1:260401)
[    5646ms] Uncaught Error: Minified React error #418; visit https://reactjs.org/docs/error-decoder.html?invariant=418 for the full message or use the non-minified dev environment for full errors and additional helpful warnings.
    at ag (https://sf16-website-login.neutral.ttwstatic.com/obj/tiktok_web_login_static/tiktok/webapp/main/react-v18/webapp-desktop/static/js/npm-react.50f94747.js:1:119459)
    at i (https://sf16-website-login.neutral.ttwstatic.com/obj/tiktok_web_login_static/tiktok/webapp/main/react-v18/webapp-desktop/static/js/npm-react.50f94747.js:1:194082)
    at uM (https://sf16-website-login.neutral.ttwstatic.com/obj/tiktok_web_login_static/tiktok/webapp/main/react-v18/webapp-desktop/static/js/npm-react.50f94747.js:1:172066)
    at uz (https://sf16-website-login.neutral.ttwstatic.com/obj/tiktok_web_login_static/tiktok/webapp/main/react-v18/webapp-desktop/static/js/npm-react.50f94747.js:1:171936)
    at uw (https://sf16-website-login.neutral.ttwstatic.com/obj/tiktok_web_login_static/tiktok/webapp/main/react-v18/webapp-desktop/static/js/npm-react.50f94747.js:1:167009)
    at x (https://sf16-website-login.neutral.ttwstatic.com/obj/tiktok_web_login_static/tiktok/webapp/main/react-v18/webapp-desktop/static/js/npm-react.50f94747.js:1:259871)
    at N (https://sf16-website-login.neutral.ttwstatic.com/obj/tiktok_web_login_static/tiktok/webapp/main/react-v18/webapp-desktop/static/js/npm-react.50f94747.js:1:260401)
[    5646ms] Uncaught Error: Minified React error #418; visit https://reactjs.org/docs/error-decoder.html?invariant=418 for the full message or use the non-minified dev environment for full errors and additional helpful warnings.
    at ag (https://sf16-website-login.neutral.ttwstatic.com/obj/tiktok_web_login_static/tiktok/webapp/main/react-v18/webapp-desktop/static/js/npm-react.50f94747.js:1:119459)
    at i (https://sf16-website-login.neutral.ttwstatic.com/obj/tiktok_web_login_static/tiktok/webapp/main/react-v18/webapp-desktop/static/js/npm-react.50f94747.js:1:194082)
    at uM (https://sf16-website-login.neutral.ttwstatic.com/obj/tiktok_web_login_static/tiktok/webapp/main/react-v18/webapp-desktop/static/js/npm-react.50f94747.js:1:172066)
    at uz (https://sf16-website-login.neutral.ttwstatic.com/obj/tiktok_web_login_static/tiktok/webapp/main/react-v18/webapp-desktop/static/js/npm-react.50f94747.js:1:171936)
    at uw (https://sf16-website-login.neutral.ttwstatic.com/obj/tiktok_web_login_static/tiktok/webapp/main/react-v18/webapp-desktop/static/js/npm-react.50f94747.js:1:167009)
    at x (https://sf16-website-login.neutral.ttwstatic.com/obj/tiktok_web_login_static/tiktok/webapp/main/react-v18/webapp-desktop/static/js/npm-react.50f94747.js:1:259871)
    at N (https://sf16-website-login.neutral.ttwstatic.com/obj/tiktok_web_login_static/tiktok/webapp/main/react-v18/webapp-desktop/static/js/npm-react.50f94747.js:1:260401)
[    5646ms] Uncaught Error: Minified React error #418; visit https://reactjs.org/docs/error-decoder.html?invariant=418 for the full message or use the non-minified dev environment for full errors and additional helpful warnings.
    at ag (https://sf16-website-login.neutral.ttwstatic.com/obj/tiktok_web_login_static/tiktok/webapp/main/react-v18/webapp-desktop/static/js/npm-react.50f94747.js:1:119459)
    at i (https://sf16-website-login.neutral.ttwstatic.com/obj/tiktok_web_login_static/tiktok/webapp/main/react-v18/webapp-desktop/static/js/npm-react.50f94747.js:1:194082)
    at uM (https://sf16-website-login.neutral.ttwstatic.com/obj/tiktok_web_login_static/tiktok/webapp/main/react-v18/webapp-desktop/static/js/npm-react.50f94747.js:1:172066)
    at uz (https://sf16-website-login.neutral.ttwstatic.com/obj/tiktok_web_login_static/tiktok/webapp/main/react-v18/webapp-desktop/static/js/npm-react.50f94747.js:1:171936)
    at uw (https://sf16-website-login.neutral.ttwstatic.com/obj/tiktok_web_login_static/tiktok/webapp/main/react-v18/webapp-desktop/static/js/npm-react.50f94747.js:1:167009)
    at x (https://sf16-website-login.neutral.ttwstatic.com/obj/tiktok_web_login_static/tiktok/webapp/main/react-v18/webapp-desktop/static/js/npm-react.50f94747.js:1:259871)
    at N (https://sf16-website-login.neutral.ttwstatic.com/obj/tiktok_web_login_static/tiktok/webapp/main/react-v18/webapp-desktop/static/js/npm-react.50f94747.js:1:260401)
[    5654ms] Uncaught Error: Minified React error #418; visit https://reactjs.org/docs/error-decoder.html?invariant=418 for the full message or use the non-minified dev environment for full errors and additional helpful warnings.
    at ag (https://sf16-website-login.neutral.ttwstatic.com/obj/tiktok_web_login_static/tiktok/webapp/main/react-v18/webapp-desktop/static/js/npm-react.50f94747.js:1:119459)
    at i (https://sf16-website-login.neutral.ttwstatic.com/obj/tiktok_web_login_static/tiktok/webapp/main/react-v18/webapp-desktop/static/js/npm-react.50f94747.js:1:194082)
    at uM (https://sf16-website-login.neutral.ttwstatic.com/obj/tiktok_web_login_static/tiktok/webapp/main/react-v18/webapp-desktop/static/js/npm-react.50f94747.js:1:172066)
    at uz (https://sf16-website-login.neutral.ttwstatic.com/obj/tiktok_web_login_static/tiktok/webapp/main/react-v18/webapp-desktop/static/js/npm-react.50f94747.js:1:171936)
    at uw (https://sf16-website-login.neutral.ttwstatic.com/obj/tiktok_web_login_static/tiktok/webapp/main/react-v18/webapp-desktop/static/js/npm-react.50f94747.js:1:167009)
    at x (https://sf16-website-login.neutral.ttwstatic.com/obj/tiktok_web_login_static/tiktok/webapp/main/react-v18/webapp-desktop/static/js/npm-react.50f94747.js:1:259871)
    at N (https://sf16-website-login.neutral.ttwstatic.com/obj/tiktok_web_login_static/tiktok/webapp/main/react-v18/webapp-desktop/static/js/npm-react.50f94747.js:1:260401)
[    5654ms] Uncaught Error: Minified React error #418; visit https://reactjs.org/docs/error-decoder.html?invariant=418 for the full message or use the non-minified dev environment for full errors and additional helpful warnings.
    at ag (https://sf16-website-login.neutral.ttwstatic.com/obj/tiktok_web_login_static/tiktok/webapp/main/react-v18/webapp-desktop/static/js/npm-react.50f94747.js:1:119459)
    at i (https://sf16-website-login.neutral.ttwstatic.com/obj/tiktok_web_login_static/tiktok/webapp/main/react-v18/webapp-desktop/static/js/npm-react.50f94747.js:1:194259)
    at uM (https://sf16-website-login.neutral.ttwstatic.com/obj/tiktok_web_login_static/tiktok/webapp/main/react-v18/webapp-desktop/static/js/npm-react.50f94747.js:1:172066)
    at uz (https://sf16-website-login.neutral.ttwstatic.com/obj/tiktok_web_login_static/tiktok/webapp/main/react-v18/webapp-desktop/static/js/npm-react.50f94747.js:1:171936)
    at uw (https://sf16-website-login.neutral.ttwstatic.com/obj/tiktok_web_login_static/tiktok/webapp/main/react-v18/webapp-desktop/static/js/npm-react.50f94747.js:1:167009)
    at x (https://sf16-website-login.neutral.ttwstatic.com/obj/tiktok_web_login_static/tiktok/webapp/main/react-v18/webapp-desktop/static/js/npm-react.50f94747.js:1:259871)
    at N (https://sf16-website-login.neutral.ttwstatic.com/obj/tiktok_web_login_static/tiktok/webapp/main/react-v18/webapp-desktop/static/js/npm-react.50f94747.js:1:260401)
[    5654ms] Uncaught Error: Minified React error #423; visit https://reactjs.org/docs/error-decoder.html?invariant=423 for the full message or use the non-minified dev environment for full errors and additional helpful warnings.
    at i (https://sf16-website-login.neutral.ttwstatic.com/obj/tiktok_web_login_static/tiktok/webapp/main/react-v18/webapp-desktop/static/js/npm-react.50f94747.js:1:193741)
    at uM (https://sf16-website-login.neutral.ttwstatic.com/obj/tiktok_web_login_static/tiktok/webapp/main/react-v18/webapp-desktop/static/js/npm-react.50f94747.js:1:172066)
    at uz (https://sf16-website-login.neutral.ttwstatic.com/obj/tiktok_web_login_static/tiktok/webapp/main/react-v18/webapp-desktop/static/js/npm-react.50f94747.js:1:171936)
    at ux (https://sf16-website-login.neutral.ttwstatic.com/obj/tiktok_web_login_static/tiktok/webapp/main/react-v18/webapp-desktop/static/js/npm-react.50f94747.js:1:168707)
    at uw (https://sf16-website-login.neutral.ttwstatic.com/obj/tiktok_web_login_static/tiktok/webapp/main/react-v18/webapp-desktop/static/js/npm-react.50f94747.js:1:167262)
    at x (https://sf16-website-login.neutral.ttwstatic.com/obj/tiktok_web_login_static/tiktok/webapp/main/react-v18/webapp-desktop/static/js/npm-react.50f94747.js:1:259871)
    at N (https://sf16-website-login.neutral.ttwstatic.com/obj/tiktok_web_login_static/tiktok/webapp/main/react-v18/webapp-desktop/static/js/npm-react.50f94747.js:1:260401)
[    6581ms] [INFO] . @ https://sf16-website-login.neutral.ttwstatic.com/obj/tiktok_web_login_static/webmssdk/1.0.0.388/webmssdk.js:0
[    6683ms] [LOG] ws.opened @ https://sf16-website-login.neutral.ttwstatic.com/obj/tiktok_web_login_static/webmssdk/1.0.0.388/webmssdk.js:0
[    6686ms] [WARNING] [SDK] 1785325254227        0 already inited @ https://sf16-website-login.neutral.ttwstatic.com/obj/tiktok_web_login_static/slardar/fe/sdk-web/browser.sg.js?bid=tiktok_webapp&globalName=SlardarClient:0
[    6737ms] [WARNING] AppContext will be overwritten @ https://sf16-website-login.neutral.ttwstatic.com/obj/tiktok_web_login_static/tiktok/webapp/main/react-v18/webapp-desktop/static/js/webapp-desktop.33b0735e.js:0
[    6738ms] [WARNING] AppContext will be overwritten @ https://sf16-website-login.neutral.ttwstatic.com/obj/tiktok_web_login_static/tiktok/webapp/main/react-v18/webapp-desktop/static/js/webapp-desktop.33b0735e.js:0
[    6738ms] [WARNING] AppContext will be overwritten @ https://sf16-website-login.neutral.ttwstatic.com/obj/tiktok_web_login_static/tiktok/webapp/main/react-v18/webapp-desktop/static/js/webapp-desktop.33b0735e.js:0
[    6739ms] [WARNING] AppContext will be overwritten @ https://sf16-website-login.neutral.ttwstatic.com/obj/tiktok_web_login_static/tiktok/webapp/main/react-v18/webapp-desktop/static/js/webapp-desktop.33b0735e.js:0
[    6739ms] [WARNING] AppContext will be overwritten @ https://sf16-website-login.neutral.ttwstatic.com/obj/tiktok_web_login_static/tiktok/webapp/main/react-v18/webapp-desktop/static/js/webapp-desktop.33b0735e.js:0
[    6740ms] [WARNING] AppContext will be overwritten @ https://sf16-website-login.neutral.ttwstatic.com/obj/tiktok_web_login_static/tiktok/webapp/main/react-v18/webapp-desktop/static/js/webapp-desktop.33b0735e.js:0
[    6741ms] [WARNING] AppContext will be overwritten @ https://sf16-website-login.neutral.ttwstatic.com/obj/tiktok_web_login_static/tiktok/webapp/main/react-v18/webapp-desktop/static/js/webapp-desktop.33b0735e.js:0
[    6742ms] [WARNING] AppContext will be overwritten @ https://sf16-website-login.neutral.ttwstatic.com/obj/tiktok_web_login_static/tiktok/webapp/main/react-v18/webapp-desktop/static/js/webapp-desktop.33b0735e.js:0
[    6742ms] [WARNING] AppContext will be overwritten @ https://sf16-website-login.neutral.ttwstatic.com/obj/tiktok_web_login_static/tiktok/webapp/main/react-v18/webapp-desktop/static/js/webapp-desktop.33b0735e.js:0
[    6742ms] [WARNING] AppContext will be overwritten @ https://sf16-website-login.neutral.ttwstatic.com/obj/tiktok_web_login_static/tiktok/webapp/main/react-v18/webapp-desktop/static/js/webapp-desktop.33b0735e.js:0
[    7722ms] [ERROR] Failed to load resource: the server responded with a status of 404 () @ https://sf16-website-login.neutral.ttwstatic.com/slardar/fe/sdk-web/plugins/common-monitors.1.16.7.js:0
[    7723ms] [ERROR] Refused to execute script from 'https://sf16-website-login.neutral.ttwstatic.com/slardar/fe/sdk-web/plugins/common-monitors.1.16.7.js' because its MIME type ('application/json') is not executable, and strict MIME type checking is enabled. @ https://www.tiktok.com/en/:0
[    7816ms] [INFO] Banner not shown: beforeinstallpromptevent.preventDefault() called. The page must call beforeinstallpromptevent.prompt() to show the banner. @ https://www.tiktok.com/en/:0
[    8396ms] [WARNING] [19:40:55.937][warn][controller](1) NotAllowedError: play() failed because the user didn't interact with the document first. https://goo.gl/xX8pDD @ https://sf16-website-login.neutral.ttwstatic.com/obj/tiktok_web_login_static/tiktok/webapp/main/react-v18/webapp-desktop/static/js/async/21331.5549d00a.js:0
[    8501ms] [WARNING] Unmuting failed and the element was paused instead because the user didn't interact with the document before. https://goo.gl/xX8pDD @ https://sf16-website-login.neutral.ttwstatic.com/obj/tiktok_web_login_static/tiktok/webapp/main/react-v18/webapp-desktop/static/js/async/21331.5549d00a.js:0
[    8647ms] [WARNING] [19:40:56.187][warn][controller](1) AbortError: The play() request was interrupted by a call to pause(). https://goo.gl/LdLk22 @ https://sf16-website-login.neutral.ttwstatic.com/obj/tiktok_web_login_static/tiktok/webapp/main/react-v18/webapp-desktop/static/js/async/21331.5549d00a.js:0
[    8648ms] [WARNING] [19:40:56.190][warn][controller](1) AbortError: The play() request was interrupted by a call to pause(). https://goo.gl/LdLk22 @ https://sf16-website-login.neutral.ttwstatic.com/obj/tiktok_web_login_static/tiktok/webapp/main/react-v18/webapp-desktop/static/js/async/21331.5549d00a.js:0
[    8657ms] [ERROR] Failed to load resource: the server responded with a status of 403 () @ https://v16-webapp-prime.tiktok.com/video/tos/alisg/tos-alisg-ve-0068c800-sg/o88Sxiwp7iwPFBV0ACQNEQIafFCTbAAuVBxI7i/?a=1988&bti=ODszNWYuMDE6&&bt=2195&ft=-Csk_maLPD12NdCcGn-UxETFWY6e3wv25rcAp&mime_type=video_mp4&rc=NDo0OzhpaGk2OmU3NGU4OkBpM29ob2s5cng3OjMzODczNEA1MjFgXjM1X2ExYmI1Ml5eYSMuMWMvMmRjMmFhLS1kMWBzcw%3D%3D&expire=1785498060&l=20260729194054F515512C8F1288107224&ply_type=2&policy=2&signature=b5fe7b6faee7bb6a1b8aa57a9d6bb2c9&tk=tt_chain_token&btag=e000b0000:0
[    8665ms] [WARNING] [19:40:56.206][warn][demux.fetch](1) PlayerError: NETWORK_FORBIDDEN
    at https://sf16-website-login.neutral.ttwstatic.com/obj/tiktok_web_login_static/tiktok/webapp/main/react-v18/webapp-desktop/static/js/async/81452.f82696e4.js:11:37994 @ https://sf16-website-login.neutral.ttwstatic.com/obj/tiktok_web_login_static/tiktok/webapp/main/react-v18/webapp-desktop/static/js/async/21331.5549d00a.js:0
[    9000ms] [ERROR] Failed to load resource: the server responded with a status of 403 () @ https://v19-webapp-prime.tiktok.com/video/tos/alisg/tos-alisg-ve-0068c800-sg/o88Sxiwp7iwPFBV0ACQNEQIafFCTbAAuVBxI7i/?a=1988&bti=ODszNWYuMDE6&&bt=2195&ft=-Csk_maLPD12NdCcGn-UxETFWY6e3wv25rcAp&mime_type=video_mp4&rc=NDo0OzhpaGk2OmU3NGU4OkBpM29ob2s5cng3OjMzODczNEA1MjFgXjM1X2ExYmI1Ml5eYSMuMWMvMmRjMmFhLS1kMWBzcw%3D%3D&expire=1785498060&l=20260729194054F515512C8F1288107224&ply_type=2&policy=2&signature=b5fe7b6faee7bb6a1b8aa57a9d6bb2c9&tk=tt_chain_token&btag=e000b0000:0
[    9000ms] [WARNING] [19:40:56.542][warn][demux.fetch](1) PlayerError: NETWORK_FORBIDDEN
    at https://sf16-website-login.neutral.ttwstatic.com/obj/tiktok_web_login_static/tiktok/webapp/main/react-v18/webapp-desktop/static/js/async/81452.f82696e4.js:11:37994 @ https://sf16-website-login.neutral.ttwstatic.com/obj/tiktok_web_login_static/tiktok/webapp/main/react-v18/webapp-desktop/static/js/async/21331.5549d00a.js:0
[    9540ms] [ERROR] Failed to load resource: the server responded with a status of 403 () @ https://v16-webapp-prime.tiktok.com/video/tos/alisg/tos-alisg-ve-0068c800-sg/o88Sxiwp7iwPFBV0ACQNEQIafFCTbAAuVBxI7i/?a=1988&bti=bGRuZHxvMXIxcm53Zm1cYF9ebWFzaHFmOg%3D%3D&&bt=2195&ft=Bich7VWaw6BRf87EobDhkVl.MZpiMa7BQjKJgUffGG0P3-I&mime_type=video_mp4&rc=NDo0OzhpaGk2OmU3NGU4OkBpM29ob2s5cng3OjMzODczNEA1MjFgXjM1X2ExYmI1Ml5eYSMuMWMvMmRjMmFhLS1kMWBzcw%3D%3D&expire=1785346862&l=202607291940550F4457D9007FE6102CBC&ply_type=2&policy=2&signature=7b3d49d91318d4659ff50840a4211f03&tk=tt_chain_token&btag=e000b0000:0
[    9542ms] [ERROR] [19:40:57.083][error][demux.fetch](1) PlayerError: NETWORK_FORBIDDEN
    at https://sf16-website-login.neutral.ttwstatic.com/obj/tiktok_web_login_static/tiktok/webapp/main/react-v18/webapp-desktop/static/js/async/81452.f82696e4.js:11:37994 @ https://sf16-website-login.neutral.ttwstatic.com/obj/tiktok_web_login_static/tiktok/webapp/main/react-v18/webapp-desktop/static/js/webapp-desktop.33b0735e.js:0
[    9543ms] [ERROR] [19:40:57.084][error][multiplex](1) multiplex error, downgrade: 2103 NETWORK_FORBIDDEN @ https://sf16-website-login.neutral.ttwstatic.com/obj/tiktok_web_login_static/tiktok/webapp/main/react-v18/webapp-desktop/static/js/webapp-desktop.33b0735e.js:0
[   10460ms] [WARNING] [TikTok desktop app SDK Monitor]:   WARN:[printFirstFeedShow]The current environment is not inside the client. @ https://sf16-website-login.neutral.ttwstatic.com/obj/tiktok_web_login_static/tiktok/webapp/main/react-v18/webapp-desktop/static/js/webapp-desktop.33b0735e.js:0
[   15557ms] [WARNING] [i18n] missing key [en] Webapp Close_button Close_button @ https://sf16-website-login.neutral.ttwstatic.com/obj/tiktok_web_login_static/tiktok/webapp/main/react-v18/webapp-desktop/static/js/biz.common.lib.c6f51aa9.js:0
[   15560ms] [WARNING] The 'deprecatedStyle' prop is deprecated. Please use the associated style props instead (e.g. "marginInline", "flex") @ https://sf16-website-login.neutral.ttwstatic.com/obj/tiktok_web_login_static/tiktok/webapp/main/react-v18/webapp-desktop/static/js/async/16119.4be2579f.js:0
[   15790ms] [WARNING] The 'deprecatedStyle' prop is deprecated. Please use the associated style props instead (e.g. "marginInline", "flex") @ https://sf16-website-login.neutral.ttwstatic.com/obj/tiktok_web_login_static/tiktok/webapp/main/react-v18/webapp-desktop/static/js/async/16119.4be2579f.js:0
[   16932ms] [LOG] %c %s color: yellow; background-color: black; [instance: cookie_banner_tea_sdk] appid: 345918, userInfo:{"user_unique_id":"7667913600661407252","web_id":"7667913600661407252"} @ https://sf16-website-login.neutral.ttwstatic.com/obj/tiktok_web_login_static/webmssdk/1.0.0.388/webmssdk.js:0
[   16932ms] [LOG] %c %s color: yellow; background-color: black; [instance: cookie_banner_tea_sdk] appid: 345918, sdk is ready, version is 5.3.17, you can report now !!! @ https://sf16-website-login.neutral.ttwstatic.com/obj/tiktok_web_login_static/webmssdk/1.0.0.388/webmssdk.js:0
[   17428ms] [WARNING] The 'deprecatedStyle' prop is deprecated. Please use the associated style props instead (e.g. "marginInline", "flex") @ https://sf16-website-login.neutral.ttwstatic.com/obj/tiktok_web_login_static/tiktok/webapp/main/react-v18/webapp-desktop/static/js/async/16119.4be2579f.js:0
[   18022ms] [ERROR] Failed to load resource: the server responded with a status of 403 () @ https://v16-webapp-prime.tiktok.com/video/tos/alisg/tos-alisg-pve-0037c001/oEf0ggg7zYA2fr2lIfvNMNRAyifAPLXcRe4i5g/?a=1988&bti=ODszNWYuMDE6&&bt=958&ft=-Csk_maLPD12NOCcGn-UxQM5PY6e3wv25LcAp&mime_type=video_mp4&rc=M2k1Nzg4NGlmZTplPDxoOkBpM215dXY5cm06OzMzODczNEBhMTRfNWBfXzQxYmBeLTQxYSNwY2lvMmQ0cmthLS1kMWBzcw%3D%3D&expire=1785498173&l=20260729194056BD4B4DCEDDE52020FF76&ply_type=2&policy=2&signature=50f6f2557015dd8e5da9612bb2de74f9&tk=tt_chain_token&btag=e00050000:0
[   18023ms] [WARNING] [19:41:05.564][warn][demux.fetch](2) PlayerError: NETWORK_FORBIDDEN
    at https://sf16-website-login.neutral.ttwstatic.com/obj/tiktok_web_login_static/tiktok/webapp/main/react-v18/webapp-desktop/static/js/async/81452.f82696e4.js:11:37994 @ https://sf16-website-login.neutral.ttwstatic.com/obj/tiktok_web_login_static/tiktok/webapp/main/react-v18/webapp-desktop/static/js/async/21331.5549d00a.js:0
[   18154ms] [ERROR] Failed to load resource: the server responded with a status of 403 () @ https://v16-webapp-prime.tiktok.com/video/tos/alisg/tos-alisg-pve-0037c001/oE7IhqrLABJIruLHhNiFwLEiIAyCHFYfCzA115/?a=1988&bti=ODszNWYuMDE6&&bt=564&ft=-Csk_maLPD12NOCcGn-UxQM5PY6e3wv25LcAp&mime_type=video_mp4&rc=cnF8b2hsc2d3SkBwaHIxaDFybndmMzxnNWZnPDozNGY5OjVnZEBpamVmbGw5cmZsPDMzODczNEBjRl5Nc3FePmJKYSNvYF90aHFmOiNgNjM1Xi1jXi8xNDIuMDRhYSMza3FxMmRjXzBhLS1kMWBzcw%3D%3D&expire=1785498065&l=20260729194056BD4B4DCEDDE52020FF76&ply_type=2&policy=2&signature=eabfb0650c093bace7ac06af8bb37030&tk=tt_chain_token&btag=e000b0000:0
[   18154ms] [WARNING] [19:41:05.696][warn][preload.demux.fetch](10) PlayerError: NETWORK_FORBIDDEN
    at https://sf16-website-login.neutral.ttwstatic.com/obj/tiktok_web_login_static/tiktok/webapp/main/react-v18/webapp-desktop/static/js/async/81452.f82696e4.js:11:37994 @ https://sf16-website-login.neutral.ttwstatic.com/obj/tiktok_web_login_static/tiktok/webapp/main/react-v18/webapp-desktop/static/js/async/21331.5549d00a.js:0
[   18378ms] [ERROR] Failed to load resource: the server responded with a status of 403 () @ https://v19-webapp-prime.tiktok.com/video/tos/alisg/tos-alisg-pve-0037c001/oEf0ggg7zYA2fr2lIfvNMNRAyifAPLXcRe4i5g/?a=1988&bti=ODszNWYuMDE6&&bt=958&ft=-Csk_maLPD12NOCcGn-UxQM5PY6e3wv25LcAp&mime_type=video_mp4&rc=M2k1Nzg4NGlmZTplPDxoOkBpM215dXY5cm06OzMzODczNEBhMTRfNWBfXzQxYmBeLTQxYSNwY2lvMmQ0cmthLS1kMWBzcw%3D%3D&expire=1785498173&l=20260729194056BD4B4DCEDDE52020FF76&ply_type=2&policy=2&signature=50f6f2557015dd8e5da9612bb2de74f9&tk=tt_chain_token&btag=e00050000:0
[   18379ms] [WARNING] [19:41:05.921][warn][demux.fetch](2) PlayerError: NETWORK_FORBIDDEN
    at https://sf16-website-login.neutral.ttwstatic.com/obj/tiktok_web_login_static/tiktok/webapp/main/react-v18/webapp-desktop/static/js/async/81452.f82696e4.js:11:37994 @ https://sf16-website-login.neutral.ttwstatic.com/obj/tiktok_web_login_static/tiktok/webapp/main/react-v18/webapp-desktop/static/js/async/21331.5549d00a.js:0
[   18394ms] [ERROR] Failed to load resource: the server responded with a status of 403 () @ https://v19-webapp-prime.tiktok.com/video/tos/alisg/tos-alisg-pve-0037c001/oE7IhqrLABJIruLHhNiFwLEiIAyCHFYfCzA115/?a=1988&bti=ODszNWYuMDE6&&bt=564&ft=-Csk_maLPD12NOCcGn-UxQM5PY6e3wv25LcAp&mime_type=video_mp4&rc=cnF8b2hsc2d3SkBwaHIxaDFybndmMzxnNWZnPDozNGY5OjVnZEBpamVmbGw5cmZsPDMzODczNEBjRl5Nc3FePmJKYSNvYF90aHFmOiNgNjM1Xi1jXi8xNDIuMDRhYSMza3FxMmRjXzBhLS1kMWBzcw%3D%3D&expire=1785498065&l=20260729194056BD4B4DCEDDE52020FF76&ply_type=2&policy=2&signature=eabfb0650c093bace7ac06af8bb37030&tk=tt_chain_token&btag=e000b0000:0
[   18395ms] [WARNING] [19:41:05.936][warn][preload.demux.fetch](10) PlayerError: NETWORK_FORBIDDEN
    at https://sf16-website-login.neutral.ttwstatic.com/obj/tiktok_web_login_static/tiktok/webapp/main/react-v18/webapp-desktop/static/js/async/81452.f82696e4.js:11:37994 @ https://sf16-website-login.neutral.ttwstatic.com/obj/tiktok_web_login_static/tiktok/webapp/main/react-v18/webapp-desktop/static/js/async/21331.5549d00a.js:0
[   18404ms] [WARNING] The 'deprecatedStyle' prop is deprecated. Please use the associated style props instead (e.g. "marginInline", "flex") @ https://sf16-website-login.neutral.ttwstatic.com/obj/tiktok_web_login_static/tiktok/webapp/main/react-v18/webapp-desktop/static/js/async/16119.4be2579f.js:0
[   18658ms] [ERROR] Failed to load resource: the server responded with a status of 403 () @ https://v16-webapp-prime.tiktok.com/video/tos/alisg/tos-alisg-pve-0037c001/oEf0ggg7zYA2fr2lIfvNMNRAyifAPLXcRe4i5g/?a=1988&bti=bGRuZHxvMXIxcm53Zm1cYF9ebWFzaHFmOg%3D%3D&&bt=958&ft=Bich7VWaw6BRf87EobDhkVl.MZpiSa7BQjKJgUffGG0P3-I&mime_type=video_mp4&rc=M2k1Nzg4NGlmZTplPDxoOkBpM215dXY5cm06OzMzODczNEBhMTRfNWBfXzQxYmBeLTQxYSNwY2lvMmQ0cmthLS1kMWBzcw%3D%3D&expire=1785346980&l=20260729194105B932AC7ADB656110BC32&ply_type=2&policy=2&signature=f902e13584fd879e914f8099a6941640&tk=tt_chain_token&btag=e00050000:0
[   18660ms] [ERROR] [19:41:06.201][error][demux.fetch](2) PlayerError: NETWORK_FORBIDDEN
    at https://sf16-website-login.neutral.ttwstatic.com/obj/tiktok_web_login_static/tiktok/webapp/main/react-v18/webapp-desktop/static/js/async/81452.f82696e4.js:11:37994 @ https://sf16-website-login.neutral.ttwstatic.com/obj/tiktok_web_login_static/tiktok/webapp/main/react-v18/webapp-desktop/static/js/webapp-desktop.33b0735e.js:0
[   18661ms] [ERROR] [19:41:06.202][error][multiplex](2) multiplex error, downgrade: 2103 NETWORK_FORBIDDEN @ https://sf16-website-login.neutral.ttwstatic.com/obj/tiktok_web_login_static/tiktok/webapp/main/react-v18/webapp-desktop/static/js/webapp-desktop.33b0735e.js:0
[   18670ms] [ERROR] Failed to load resource: the server responded with a status of 403 () @ https://v16-webapp-prime.tiktok.com/video/tos/alisg/tos-alisg-pve-0037c001/oE7IhqrLABJIruLHhNiFwLEiIAyCHFYfCzA115/?a=1988&bti=bGRuZHxvMXIxcm53Zm1cYF9ebWFzaHFmOg%3D%3D&&bt=564&ft=Bich7VWaw6BRf87EobDhkVl.MZpiSa7BQjKJgUffGG0P3-I&mime_type=video_mp4&rc=MzxnNWZnPDozNGY5OjVnZEBpamVmbGw5cmZsPDMzODczNEBgNjM1Xi1jXi8xNDIuMDRhYSMza3FxMmRjXzBhLS1kMWBzcw%3D%3D&expire=1785346872&l=202607291941052874A7C47A8BD32FE059&ply_type=2&policy=2&signature=2f7fcb2cac2e1da456e7262c6f5bee9d&tk=tt_chain_token&btag=e000b0000:0
[   18670ms] [ERROR] [19:41:06.212][error][preload.demux.fetch](10) PlayerError: NETWORK_FORBIDDEN
    at https://sf16-website-login.neutral.ttwstatic.com/obj/tiktok_web_login_static/tiktok/webapp/main/react-v18/webapp-desktop/static/js/async/81452.f82696e4.js:11:37994 @ https://sf16-website-login.neutral.ttwstatic.com/obj/tiktok_web_login_static/tiktok/webapp/main/react-v18/webapp-desktop/static/js/webapp-desktop.33b0735e.js:0
[   18671ms] [ERROR] [Preloader_TT] onPreloaderError PlayerError: NETWORK_FORBIDDEN
    at w.$processErrorAndFallback (https://sf16-website-login.neutral.ttwstatic.com/obj/tiktok_web_login_static/tiktok/webapp/main/react-v18/webapp-desktop/static/js/async/81452.f82696e4.js:11:34346)
    at https://sf16-website-login.neutral.ttwstatic.com/obj/tiktok_web_login_static/tiktok/webapp/main/react-v18/webapp-desktop/static/js/async/81452.f82696e4.js:11:40426 @ https://sf16-website-login.neutral.ttwstatic.com/obj/tiktok_web_login_static/tiktok/webapp/main/react-v18/webapp-desktop/static/js/webapp-desktop.33b0735e.js:0
[   18707ms] [ERROR] Failed to load resource: the server responded with a status of 403 () @ https://v16-webapp-prime.tiktok.com/video/tos/alisg/tos-alisg-pve-0037c001/oUEI53yTgY9RQ4PFV9VGeGwGQfALBRdAKfepRJ/?a=1988&bti=ODszNWYuMDE6&&bt=497&ft=-Csk_maLPD12NOCcGn-UxQM5PY6e3wv25LcAp&mime_type=video_mp4&rc=NGlmPGY6NTNnaWQ1ZzRoM0BpMzhzM3k5cjZxPDMzODczNEAtX181NjUwXmAxYjQzYGE1YSNibWdfMmRzXjRhLS1kMTFzcw%3D%3D&expire=1785498364&l=20260729194056BD4B4DCEDDE52020FF76&ply_type=2&policy=2&signature=90cbff7ebc00896dd7b30eca2188d7d2&tk=tt_chain_token&btag=e000a0000:0
[   18709ms] [WARNING] [19:41:06.250][warn][preload.demux.fetch](15) PlayerError: NETWORK_FORBIDDEN
    at https://sf16-website-login.neutral.ttwstatic.com/obj/tiktok_web_login_static/tiktok/webapp/main/react-v18/webapp-desktop/static/js/async/81452.f82696e4.js:11:37994 @ https://sf16-website-login.neutral.ttwstatic.com/obj/tiktok_web_login_static/tiktok/webapp/main/react-v18/webapp-desktop/static/js/async/21331.5549d00a.js:0
[   18935ms] [WARNING] Reflect is already polyfilled. @ https://sf16-website-login.neutral.ttwstatic.com/obj/tiktok_web_login_static/tiktok/web/tiktok_fe_login_vmok/static/js/async/1972.e805f887.js:0
[   19145ms] [ERROR] Failed to load resource: the server responded with a status of 403 () @ https://v19-webapp-prime.tiktok.com/video/tos/alisg/tos-alisg-pve-0037c001/oUEI53yTgY9RQ4PFV9VGeGwGQfALBRdAKfepRJ/?a=1988&bti=ODszNWYuMDE6&&bt=497&ft=-Csk_maLPD12NOCcGn-UxQM5PY6e3wv25LcAp&mime_type=video_mp4&rc=NGlmPGY6NTNnaWQ1ZzRoM0BpMzhzM3k5cjZxPDMzODczNEAtX181NjUwXmAxYjQzYGE1YSNibWdfMmRzXjRhLS1kMTFzcw%3D%3D&expire=1785498364&l=20260729194056BD4B4DCEDDE52020FF76&ply_type=2&policy=2&signature=90cbff7ebc00896dd7b30eca2188d7d2&tk=tt_chain_token&btag=e000a0000:0
[   19145ms] [WARNING] [19:41:06.687][warn][preload.demux.fetch](15) PlayerError: NETWORK_FORBIDDEN
    at https://sf16-website-login.neutral.ttwstatic.com/obj/tiktok_web_login_static/tiktok/webapp/main/react-v18/webapp-desktop/static/js/async/81452.f82696e4.js:11:37994 @ https://sf16-website-login.neutral.ttwstatic.com/obj/tiktok_web_login_static/tiktok/webapp/main/react-v18/webapp-desktop/static/js/async/21331.5549d00a.js:0
[   19185ms] [ERROR] [BufferedReporter] Failed to report reportVmokCustomEvent: {vmokName: @webapp-shared/login-vmok/pure, name: render_end, metrics: Object, categories: undefined} TypeError: this._reporter[e] is not a function
    at rV._flush (https://sf16-website-login.neutral.ttwstatic.com/obj/tiktok_web_login_static/tiktok/webapp/main/react-v18/webapp-desktop/static/js/4727.04ed428f.js:5:13936)
    at rV.attach (https://sf16-website-login.neutral.ttwstatic.com/obj/tiktok_web_login_static/tiktok/webapp/main/react-v18/webapp-desktop/static/js/4727.04ed428f.js:5:13810)
    at https://sf16-website-login.neutral.ttwstatic.com/obj/tiktok_web_login_static/tiktok/webapp/main/react-v18/webapp-desktop/static/js/4727.04ed428f.js:5:15823
    at f.on (https://sf16-website-login.neutral.ttwstatic.com/obj/tiktok_web_login_static/slardar/fe/sdk-web/browser.sg.js?bid=tiktok_webapp&globalName=SlardarClient:1:7706)
    at https://sf16-website-login.neutral.ttwstatic.com/obj/tiktok_web_login_static/slardar/fe/sdk-web/browser.sg.js?bid=tiktok_webapp&globalName=SlardarClient:1:8699
    at d (https://sf16-website-login.neutral.ttwstatic.com/obj/tiktok_web_login_static/slardar/fe/sdk-web/browser.sg.js?bid=tiktok_webapp&globalName=SlardarClient:1:2066)
    at i.f (https://sf16-website-login.neutral.ttwstatic.com/obj/tiktok_web_login_static/slardar/fe/sdk-web/browser.sg.js?bid=tiktok_webapp&globalName=SlardarClient:1:8641)
    at i.on (https://sf16-website-login.neutral.ttwstatic.com/obj/tiktok_web_login_static/tiktok/webapp/main/react-v18/webapp-desktop/static/js/slardar.8a027439.js:2:73656)
    at a.on (https://sf16-website-login.neutral.ttwstatic.com/obj/tiktok_web_login_static/tiktok/webapp/main/react-v18/webapp-desktop/static/js/slardar.8a027439.js:2:70116)
    at https://sf16-website-login.neutral.ttwstatic.com/obj/tiktok_web_login_static/tiktok/webapp/main/react-v18/webapp-desktop/static/js/4727.04ed428f.js:5:15544 @ https://sf16-website-login.neutral.ttwstatic.com/obj/tiktok_web_login_static/tiktok/webapp/main/react-v18/webapp-desktop/static/js/webapp-desktop.33b0735e.js:0
[   19187ms] [ERROR] [BufferedReporter] Failed to report reportVmokCustomEvent: {vmokName: @webapp-shared/login-vmok, name: render_end, metrics: Object, categories: undefined} TypeError: this._reporter[e] is not a function
    at rV._flush (https://sf16-website-login.neutral.ttwstatic.com/obj/tiktok_web_login_static/tiktok/webapp/main/react-v18/webapp-desktop/static/js/4727.04ed428f.js:5:13936)
    at rV.attach (https://sf16-website-login.neutral.ttwstatic.com/obj/tiktok_web_login_static/tiktok/webapp/main/react-v18/webapp-desktop/static/js/4727.04ed428f.js:5:13810)
    at https://sf16-website-login.neutral.ttwstatic.com/obj/tiktok_web_login_static/tiktok/webapp/main/react-v18/webapp-desktop/static/js/4727.04ed428f.js:5:15823
    at f.on (https://sf16-website-login.neutral.ttwstatic.com/obj/tiktok_web_login_static/slardar/fe/sdk-web/browser.sg.js?bid=tiktok_webapp&globalName=SlardarClient:1:7706)
    at https://sf16-website-login.neutral.ttwstatic.com/obj/tiktok_web_login_static/slardar/fe/sdk-web/browser.sg.js?bid=tiktok_webapp&globalName=SlardarClient:1:8699
    at d (https://sf16-website-login.neutral.ttwstatic.com/obj/tiktok_web_login_static/slardar/fe/sdk-web/browser.sg.js?bid=tiktok_webapp&globalName=SlardarClient:1:2066)
    at i.f (https://sf16-website-login.neutral.ttwstatic.com/obj/tiktok_web_login_static/slardar/fe/sdk-web/browser.sg.js?bid=tiktok_webapp&globalName=SlardarClient:1:8641)
    at i.on (https://sf16-website-login.neutral.ttwstatic.com/obj/tiktok_web_login_static/tiktok/webapp/main/react-v18/webapp-desktop/static/js/slardar.8a027439.js:2:73656)
    at a.on (https://sf16-website-login.neutral.ttwstatic.com/obj/tiktok_web_login_static/tiktok/webapp/main/react-v18/webapp-desktop/static/js/slardar.8a027439.js:2:70116)
    at https://sf16-website-login.neutral.ttwstatic.com/obj/tiktok_web_login_static/tiktok/webapp/main/react-v18/webapp-desktop/static/js/4727.04ed428f.js:5:15544 @ https://sf16-website-login.neutral.ttwstatic.com/obj/tiktok_web_login_static/tiktok/webapp/main/react-v18/webapp-desktop/static/js/webapp-desktop.33b0735e.js:0
[   19288ms] [LOG] [browser check] %s, os:  Chrome Windows @ https://sf16-website-login.neutral.ttwstatic.com/obj/tiktok_web_login_static/webmssdk/1.0.0.388/webmssdk.js:0
[   19436ms] [WARNING] InvalidCharacterError: Failed to execute 'atob' on 'Window': The string to be decoded is not correctly encoded.
    at n (https://sf16-website-login.neutral.ttwstatic.com/obj/tiktok_web_login_static/tiktok/web/tiktok_fe_login_vmok/static/js/async/1972.e805f887.js:31:496373)
    at k.getLoginContext (https://sf16-website-login.neutral.ttwstatic.com/obj/tiktok_web_login_static/tiktok/web/tiktok_fe_login_vmok/static/js/async/1972.e805f887.js:31:334077)
    at https://sf16-website-login.neutral.ttwstatic.com/obj/tiktok_web_login_static/tiktok/web/tiktok_fe_login_vmok/static/js/async/1972.e805f887.js:31:330524
    at h (https://sf16-website-login.neutral.ttwstatic.com/obj/tiktok_web_login_static/tiktok/web/tiktok_fe_login_vmok/static/js/async/3978.0fb560ff.js:1:5781)
    at v (https://sf16-website-login.neutral.ttwstatic.com/obj/tiktok_web_login_static/tiktok/web/tiktok_fe_login_vmok/static/js/async/3978.0fb560ff.js:1:5729)
    at u._next (https://sf16-website-login.neutral.ttwstatic.com/obj/tiktok_web_login_static/tiktok/web/tiktok_fe_login_vmok/static/js/async/1265.8121943e.js:1:9038)
    at t.next (https://sf16-website-login.neutral.ttwstatic.com/obj/tiktok_web_login_static/tiktok/web/tiktok_fe_login_vmok/static/js/async/1265.8121943e.js:1:4845)
    at https://sf16-website-login.neutral.ttwstatic.com/obj/tiktok_web_login_static/tiktok/webapp/main/react-v18/webapp-desktop/static/js/npm-rxjs.3002fb8b.js:1:25781
    at c._next (https://sf16-website-login.neutral.ttwstatic.com/obj/tiktok_web_login_static/tiktok/webapp/main/react-v18/webapp-desktop/static/js/npm-rxjs.3002fb8b.js:1:19794)
    at r.next (https://sf16-website-login.neutral.ttwstatic.com/obj/tiktok_web_login_static/tiktok/webapp/main/react-v18/webapp-desktop/static/js/npm-rxjs.3002fb8b.js:1:7426) @ https://sf16-website-login.neutral.ttwstatic.com/obj/tiktok_web_login_static/tiktok/web/tiktok_fe_login_vmok/static/js/async/1972.e805f887.js:30
[   19455ms] [ERROR] Failed to load resource: the server responded with a status of 403 () @ https://v16-webapp-prime.tiktok.com/video/tos/alisg/tos-alisg-pve-0037c001/oUEI53yTgY9RQ4PFV9VGeGwGQfALBRdAKfepRJ/?a=1988&bti=bGRuZHxvMXIxcm53Zm1cYF9ebWFzaHFmOg%3D%3D&&bt=497&ft=Bich7VWaw6BRf87EobDhkVl.MZpiba7BQjKJgUffGG0P3-I&mime_type=video_mp4&rc=NGlmPGY6NTNnaWQ1ZzRoM0BpMzhzM3k5cjZxPDMzODczNEAtX181NjUwXmAxYjQzYGE1YSNibWdfMmRzXjRhLS1kMTFzcw%3D%3D&expire=1785347172&l=202607291941057996643979F26C110DD4&ply_type=2&policy=2&signature=2a7b804718db2b7b78714401836c0a1f&tk=tt_chain_token&btag=e000a0000:0
[   19456ms] [ERROR] [19:41:06.997][error][preload.demux.fetch](15) PlayerError: NETWORK_FORBIDDEN
    at https://sf16-website-login.neutral.ttwstatic.com/obj/tiktok_web_login_static/tiktok/webapp/main/react-v18/webapp-desktop/static/js/async/81452.f82696e4.js:11:37994 @ https://sf16-website-login.neutral.ttwstatic.com/obj/tiktok_web_login_static/tiktok/webapp/main/react-v18/webapp-desktop/static/js/webapp-desktop.33b0735e.js:0
[   19457ms] [ERROR] [Preloader_TT] onPreloaderError PlayerError: NETWORK_FORBIDDEN
    at w.$processErrorAndFallback (https://sf16-website-login.neutral.ttwstatic.com/obj/tiktok_web_login_static/tiktok/webapp/main/react-v18/webapp-desktop/static/js/async/81452.f82696e4.js:11:34346)
    at https://sf16-website-login.neutral.ttwstatic.com/obj/tiktok_web_login_static/tiktok/webapp/main/react-v18/webapp-desktop/static/js/async/81452.f82696e4.js:11:40426 @ https://sf16-website-login.neutral.ttwstatic.com/obj/tiktok_web_login_static/tiktok/webapp/main/react-v18/webapp-desktop/static/js/webapp-desktop.33b0735e.js:0
[   19544ms] [ERROR] Failed to load resource: the server responded with a status of 403 () @ https://v16-webapp-prime.tiktok.com/video/tos/alisg/tos-alisg-pve-0037/o0PptZ6AAQAio7wT4jBko1E7FIFe2PKFpiiBks/?a=1988&bti=ODszNWYuMDE6&&bt=2013&ft=-Csk_maLPD12NOCcGn-UxQM5PY6e3wv25LcAp&mime_type=video_mp4&rc=Ojg2O2U2MzVnZDhpNmlpM0BpMzc6dXI5cnRtOzMzODgzNEAtYjNhY2MyXjUxM14wNmIzYSNlazI2MmQ0cWphLS1kLy1zcw%3D%3D&expire=1785498080&l=20260729194056BD4B4DCEDDE52020FF76&ply_type=2&policy=2&signature=330196c66633694dee295729a26a209b&tk=tt_chain_token&btag=e00078000:0
[   19545ms] [WARNING] [19:41:07.086][warn][preload.demux.fetch](20) PlayerError: NETWORK_FORBIDDEN
    at https://sf16-website-login.neutral.ttwstatic.com/obj/tiktok_web_login_static/tiktok/webapp/main/react-v18/webapp-desktop/static/js/async/81452.f82696e4.js:11:37994 @ https://sf16-website-login.neutral.ttwstatic.com/obj/tiktok_web_login_static/tiktok/webapp/main/react-v18/webapp-desktop/static/js/async/21331.5549d00a.js:0
[   19595ms] [ERROR] Failed to load resource: the server responded with a status of 403 () @ https://v19-webapp-prime.tiktok.com/video/tos/alisg/tos-alisg-pve-0037/o0PptZ6AAQAio7wT4jBko1E7FIFe2PKFpiiBks/?a=1988&bti=ODszNWYuMDE6&&bt=2013&ft=-Csk_maLPD12NOCcGn-UxQM5PY6e3wv25LcAp&mime_type=video_mp4&rc=Ojg2O2U2MzVnZDhpNmlpM0BpMzc6dXI5cnRtOzMzODgzNEAtYjNhY2MyXjUxM14wNmIzYSNlazI2MmQ0cWphLS1kLy1zcw%3D%3D&expire=1785498080&l=20260729194056BD4B4DCEDDE52020FF76&ply_type=2&policy=2&signature=330196c66633694dee295729a26a209b&tk=tt_chain_token&btag=e00078000:0
[   19596ms] [WARNING] [19:41:07.137][warn][preload.demux.fetch](20) PlayerError: NETWORK_FORBIDDEN
    at https://sf16-website-login.neutral.ttwstatic.com/obj/tiktok_web_login_static/tiktok/webapp/main/react-v18/webapp-desktop/static/js/async/81452.f82696e4.js:11:37994 @ https://sf16-website-login.neutral.ttwstatic.com/obj/tiktok_web_login_static/tiktok/webapp/main/react-v18/webapp-desktop/static/js/async/21331.5549d00a.js:0
[   19694ms] [WARNING] [GSI_LOGGER]: Your client application uses one of the Google One Tap prompt UI status methods that may stop functioning when FedCM becomes mandatory. Refer to the migration guide to update your code accordingly and opt-in to FedCM to test your changes. Learn more: https://developers.google.com/identity/gsi/web/guides/fedcm-migration?s=dc#display_moment and https://developers.google.com/identity/gsi/web/guides/fedcm-migration?s=dc#skipped_moment @ https://accounts.google.com/gsi/client:86
[   19714ms] [ERROR] Not signed in with the identity provider. @ https://www.tiktok.com/en/:0
[   19779ms] [ERROR] Failed to load resource: the server responded with a status of 403 () @ https://v16-webapp-prime.tiktok.com/video/tos/alisg/tos-alisg-pve-0037/o0PptZ6AAQAio7wT4jBko1E7FIFe2PKFpiiBks/?a=1988&bti=bGRuZHxvMXIxcm53Zm1cYF9ebWFzaHFmOg%3D%3D&&bt=2013&ft=Bich7VWaw6BRf87EobDhkVl.MZpiba7BQjKJgUffGG0P3-I&mime_type=video_mp4&rc=Ojg2O2U2MzVnZDhpNmlpM0BpMzc6dXI5cnRtOzMzODgzNEAtYjNhY2MyXjUxM14wNmIzYSNlazI2MmQ0cWphLS1kLy1zcw%3D%3D&expire=1785346888&l=20260729194106B932AC7ADB656110BC96&ply_type=2&policy=2&signature=666d4d45866fd018e0e6cf2ded83b114&tk=tt_chain_token&btag=e00078000:0
[   19780ms] [ERROR] [19:41:07.321][error][preload.demux.fetch](20) PlayerError: NETWORK_FORBIDDEN
    at https://sf16-website-login.neutral.ttwstatic.com/obj/tiktok_web_login_static/tiktok/webapp/main/react-v18/webapp-desktop/static/js/async/81452.f82696e4.js:11:37994 @ https://sf16-website-login.neutral.ttwstatic.com/obj/tiktok_web_login_static/tiktok/webapp/main/react-v18/webapp-desktop/static/js/webapp-desktop.33b0735e.js:0
[   19781ms] [ERROR] [Preloader_TT] onPreloaderError PlayerError: NETWORK_FORBIDDEN
    at w.$processErrorAndFallback (https://sf16-website-login.neutral.ttwstatic.com/obj/tiktok_web_login_static/tiktok/webapp/main/react-v18/webapp-desktop/static/js/async/81452.f82696e4.js:11:34346)
    at https://sf16-website-login.neutral.ttwstatic.com/obj/tiktok_web_login_static/tiktok/webapp/main/react-v18/webapp-desktop/static/js/async/81452.f82696e4.js:11:40426 @ https://sf16-website-login.neutral.ttwstatic.com/obj/tiktok_web_login_static/tiktok/webapp/main/react-v18/webapp-desktop/static/js/webapp-desktop.33b0735e.js:0
[   19795ms] [ERROR] Failed to load resource: the server responded with a status of 403 () @ https://v16-webapp-prime.tiktok.com/video/tos/alisg/tos-alisg-pve-0037c001/o0SUPWgVfAICwQN1QDRq4DBftEBUFENqNLCEnm/?a=1988&bti=ODszNWYuMDE6&&bt=258&ft=-Csk_maLPD12NOCcGn-UxQM5PY6e3wv25LcAp&mime_type=video_mp4&rc=Omk3OzloO2Y2PDlpNzhoOkBpamU4aW05cjZlPDMzODczNEAvYV9gYC4uNjIxNS4uLi80YSNjXi4wMmRzNV5hLS1kMTFzcw%3D%3D&expire=1785498127&l=20260729194056BD4B4DCEDDE52020FF76&ply_type=2&policy=2&signature=6ecde39311a9d7d41ec05d89fb1314a2&tk=tt_chain_token&btag=e00050000:0
[   19796ms] [WARNING] [19:41:07.337][warn][preload.demux.fetch](25) PlayerError: NETWORK_FORBIDDEN
    at https://sf16-website-login.neutral.ttwstatic.com/obj/tiktok_web_login_static/tiktok/webapp/main/react-v18/webapp-desktop/static/js/async/81452.f82696e4.js:11:37994 @ https://sf16-website-login.neutral.ttwstatic.com/obj/tiktok_web_login_static/tiktok/webapp/main/react-v18/webapp-desktop/static/js/async/21331.5549d00a.js:0
[   19811ms] [ERROR] Failed to load resource: the server responded with a status of 403 () @ https://v19-webapp-prime.tiktok.com/video/tos/alisg/tos-alisg-pve-0037c001/o0SUPWgVfAICwQN1QDRq4DBftEBUFENqNLCEnm/?a=1988&bti=ODszNWYuMDE6&&bt=258&ft=-Csk_maLPD12NOCcGn-UxQM5PY6e3wv25LcAp&mime_type=video_mp4&rc=Omk3OzloO2Y2PDlpNzhoOkBpamU4aW05cjZlPDMzODczNEAvYV9gYC4uNjIxNS4uLi80YSNjXi4wMmRzNV5hLS1kMTFzcw%3D%3D&expire=1785498127&l=20260729194056BD4B4DCEDDE52020FF76&ply_type=2&policy=2&signature=6ecde39311a9d7d41ec05d89fb1314a2&tk=tt_chain_token&btag=e00050000:0
[   19811ms] [WARNING] [19:41:07.353][warn][preload.demux.fetch](25) PlayerError: NETWORK_FORBIDDEN
    at https://sf16-website-login.neutral.ttwstatic.com/obj/tiktok_web_login_static/tiktok/webapp/main/react-v18/webapp-desktop/static/js/async/81452.f82696e4.js:11:37994 @ https://sf16-website-login.neutral.ttwstatic.com/obj/tiktok_web_login_static/tiktok/webapp/main/react-v18/webapp-desktop/static/js/async/21331.5549d00a.js:0
[   19979ms] [ERROR] Failed to load resource: the server responded with a status of 403 () @ https://v16-webapp-prime.tiktok.com/video/tos/alisg/tos-alisg-pve-0037c001/o0SUPWgVfAICwQN1QDRq4DBftEBUFENqNLCEnm/?a=1988&bti=bGRuZHxvMXIxcm53Zm1cYF9ebWFzaHFmOg%3D%3D&&bt=258&ft=Bich7VWaw6BRf87EobDhkVl.MZpiba7BQjKJgUffGG0P3-I&mime_type=video_mp4&rc=Omk3OzloO2Y2PDlpNzhoOkBpamU4aW05cjZlPDMzODczNEAvYV9gYC4uNjIxNS4uLi80YSNjXi4wMmRzNV5hLS1kMTFzcw%3D%3D&expire=1785346935&l=202607291941060012DF6BEFC87910AB4E&ply_type=2&policy=2&signature=44ff06d3110c32e00fbabaf40827683b&tk=tt_chain_token&btag=e00090000:0
[   19980ms] [ERROR] [19:41:07.521][error][preload.demux.fetch](25) PlayerError: NETWORK_FORBIDDEN
    at https://sf16-website-login.neutral.ttwstatic.com/obj/tiktok_web_login_static/tiktok/webapp/main/react-v18/webapp-desktop/static/js/async/81452.f82696e4.js:11:37994 @ https://sf16-website-login.neutral.ttwstatic.com/obj/tiktok_web_login_static/tiktok/webapp/main/react-v18/webapp-desktop/static/js/webapp-desktop.33b0735e.js:0
[   19981ms] [ERROR] [Preloader_TT] onPreloaderError PlayerError: NETWORK_FORBIDDEN
    at w.$processErrorAndFallback (https://sf16-website-login.neutral.ttwstatic.com/obj/tiktok_web_login_static/tiktok/webapp/main/react-v18/webapp-desktop/static/js/async/81452.f82696e4.js:11:34346)
    at https://sf16-website-login.neutral.ttwstatic.com/obj/tiktok_web_login_static/tiktok/webapp/main/react-v18/webapp-desktop/static/js/async/81452.f82696e4.js:11:40426 @ https://sf16-website-login.neutral.ttwstatic.com/obj/tiktok_web_login_static/tiktok/webapp/main/react-v18/webapp-desktop/static/js/webapp-desktop.33b0735e.js:0
[   20354ms] [ERROR] [GSI_LOGGER]: FedCM get() rejects with AbortError: signal is aborted without reason @ https://sf16-website-login.neutral.ttwstatic.com/obj/tiktok_web_login_static/tiktok/webapp/main/react-v18/webapp-desktop/static/js/webapp-desktop.33b0735e.js:0
[   24718ms] [WARNING] The 'deprecatedStyle' prop is deprecated. Please use the associated style props instead (e.g. "marginInline", "flex") @ https://sf16-website-login.neutral.ttwstatic.com/obj/tiktok_web_login_static/tiktok/webapp/main/react-v18/webapp-desktop/static/js/async/16119.4be2579f.js:0
[   25461ms] [WARNING] The 'deprecatedStyle' prop is deprecated. Please use the associated style props instead (e.g. "marginInline", "flex") @ https://sf16-website-login.neutral.ttwstatic.com/obj/tiktok_web_login_static/tiktok/webapp/main/react-v18/webapp-desktop/static/js/async/16119.4be2579f.js:0
[   26767ms] [WARNING] The 'deprecatedStyle' prop is deprecated. Please use the associated style props instead (e.g. "marginInline", "flex") @ https://sf16-website-login.neutral.ttwstatic.com/obj/tiktok_web_login_static/tiktok/webapp/main/react-v18/webapp-desktop/static/js/async/16119.4be2579f.js:0
[   30885ms] [WARNING] The 'deprecatedStyle' prop is deprecated. Please use the associated style props instead (e.g. "marginInline", "flex") @ https://sf16-website-login.neutral.ttwstatic.com/obj/tiktok_web_login_static/tiktok/webapp/main/react-v18/webapp-desktop/static/js/async/16119.4be2579f.js:0
[   31164ms] [ERROR] Failed to load resource: the server responded with a status of 403 () @ https://v16-webapp-prime.tiktok.com/video/tos/alisg/tos-alisg-pve-0037c001/o0Yj2zELTF3e8N4BIFfScGAQDfALFDa6UCRUWI/?a=1988&bti=ODszNWYuMDE6&&bt=445&ft=I~da4ogrD12NvX~AbzIxRKJSQlBF-UjNSCopiX&mime_type=video_mp4&rc=aDg2O2Y2PGk1Ozg4Ojc0OEBpM3c5cnU5cm5lPDMzODczNEAuYjBgYTAvNl4xMTE1MmIuYSMzaGlhMmRrY2dhLS1kMWBzcw%3D%3D&expire=1785498089&l=20260729194114B932AC7ADB656110BF3D&ply_type=2&policy=2&signature=42329ed6f0303a842e4dff372d8bf859&tk=tt_chain_token&btag=e000b8000:0
[   31165ms] [WARNING] [19:41:18.706][warn][demux.fetch](1) PlayerError: NETWORK_FORBIDDEN
    at https://sf16-website-login.neutral.ttwstatic.com/obj/tiktok_web_login_static/tiktok/webapp/main/react-v18/webapp-desktop/static/js/async/81452.f82696e4.js:11:37994 @ https://sf16-website-login.neutral.ttwstatic.com/obj/tiktok_web_login_static/tiktok/webapp/main/react-v18/webapp-desktop/static/js/async/21331.5549d00a.js:0
