[     195ms] [INFO] %cDownload the React DevTools for a better development experience: https://react.dev/link/react-devtools font-weight:bold @ http://localhost:5173/node_modules/.vite/deps/react-dom_client.js?v=20a7dcd3:14337
[ 7216021ms] [ERROR] Access to fetch at 'https://asbuilt.telcovantage.com/api/v1/skycable/spans?node_id=5&per_page=200' from origin 'http://localhost:5173' has been blocked by CORS policy: No 'Access-Control-Allow-Origin' header is present on the requested resource. @ http://localhost:5173/spans/south-luzon/LPA120:0
[ 7216021ms] [ERROR] Failed to load resource: net::ERR_FAILED @ https://asbuilt.telcovantage.com/api/v1/skycable/spans?node_id=5&per_page=200:0
[ 7410866ms] [ERROR] Access to fetch at 'https://asbuilt.telcovantage.com/api/v1/skycable/spans?node_id=5&per_page=200' from origin 'http://localhost:5173' has been blocked by CORS policy: No 'Access-Control-Allow-Origin' header is present on the requested resource. @ http://localhost:5173/spans/south-luzon/LPA120:0
[ 7410866ms] [ERROR] Failed to load resource: net::ERR_FAILED @ https://asbuilt.telcovantage.com/api/v1/skycable/spans?node_id=5&per_page=200:0
[ 7600869ms] [ERROR] Access to fetch at 'https://asbuilt.telcovantage.com/api/v1/skycable/spans?node_id=5&per_page=200' from origin 'http://localhost:5173' has been blocked by CORS policy: No 'Access-Control-Allow-Origin' header is present on the requested resource. @ http://localhost:5173/spans/south-luzon/LPA120:0
[ 7600870ms] [ERROR] Failed to load resource: net::ERR_FAILED @ https://asbuilt.telcovantage.com/api/v1/skycable/spans?node_id=5&per_page=200:0
[ 7791068ms] [ERROR] Access to fetch at 'https://asbuilt.telcovantage.com/api/v1/skycable/spans?node_id=5&per_page=200' from origin 'http://localhost:5173' has been blocked by CORS policy: No 'Access-Control-Allow-Origin' header is present on the requested resource. @ http://localhost:5173/spans/south-luzon/LPA120:0
[ 7791069ms] [ERROR] Failed to load resource: net::ERR_FAILED @ https://asbuilt.telcovantage.com/api/v1/skycable/spans?node_id=5&per_page=200:0
[ 7980864ms] [ERROR] Access to fetch at 'https://asbuilt.telcovantage.com/api/v1/skycable/spans?node_id=5&per_page=200' from origin 'http://localhost:5173' has been blocked by CORS policy: No 'Access-Control-Allow-Origin' header is present on the requested resource. @ http://localhost:5173/spans/south-luzon/LPA120:0
[ 7980865ms] [ERROR] Failed to load resource: net::ERR_FAILED @ https://asbuilt.telcovantage.com/api/v1/skycable/spans?node_id=5&per_page=200:0
[ 7985400ms] [ERROR] Access to fetch at 'https://asbuilt.telcovantage.com/api/v1/admin/users?status=on_hold&per_page=1' from origin 'http://localhost:5173' has been blocked by CORS policy: No 'Access-Control-Allow-Origin' header is present on the requested resource. @ http://localhost:5173/spans/south-luzon/LPA120:0
[ 7985400ms] [ERROR] Failed to load resource: net::ERR_FAILED @ https://asbuilt.telcovantage.com/api/v1/admin/users?status=on_hold&per_page=1:0
[ 7985402ms] [ERROR] Access to fetch at 'https://asbuilt.telcovantage.com/api/v1/skycable/notifications/unread-count' from origin 'http://localhost:5173' has been blocked by CORS policy: No 'Access-Control-Allow-Origin' header is present on the requested resource. @ http://localhost:5173/spans/south-luzon/LPA120:0
[ 7985402ms] [ERROR] Failed to load resource: net::ERR_FAILED @ https://asbuilt.telcovantage.com/api/v1/skycable/notifications/unread-count:0
[ 7985403ms] [ERROR] Access to fetch at 'https://asbuilt.telcovantage.com/api/v1/maintenance' from origin 'http://localhost:5173' has been blocked by CORS policy: No 'Access-Control-Allow-Origin' header is present on the requested resource. @ http://localhost:5173/spans/south-luzon/LPA120:0
[ 7985403ms] [ERROR] Failed to load resource: net::ERR_FAILED @ https://asbuilt.telcovantage.com/api/v1/maintenance:0
[ 8176031ms] [ERROR] Access to fetch at 'https://asbuilt.telcovantage.com/api/v1/skycable/spans?node_id=5&per_page=200' from origin 'http://localhost:5173' has been blocked by CORS policy: No 'Access-Control-Allow-Origin' header is present on the requested resource. @ http://localhost:5173/spans/south-luzon/LPA120:0
[ 8176031ms] [ERROR] Failed to load resource: net::ERR_FAILED @ https://asbuilt.telcovantage.com/api/v1/skycable/spans?node_id=5&per_page=200:0
[ 8365864ms] [ERROR] Access to fetch at 'https://asbuilt.telcovantage.com/api/v1/skycable/spans?node_id=5&per_page=200' from origin 'http://localhost:5173' has been blocked by CORS policy: No 'Access-Control-Allow-Origin' header is present on the requested resource. @ http://localhost:5173/spans/south-luzon/LPA120:0
[ 8365864ms] [ERROR] Failed to load resource: net::ERR_FAILED @ https://asbuilt.telcovantage.com/api/v1/skycable/spans?node_id=5&per_page=200:0
[10570396ms] [ERROR] Access to fetch at 'https://asbuilt.telcovantage.com/api/v1/skycable/poles/map' from origin 'http://localhost:5173' has been blocked by CORS policy: No 'Access-Control-Allow-Origin' header is present on the requested resource. @ http://localhost:5173/spans/south-luzon/LPA120:0
[10570396ms] [ERROR] Failed to load resource: net::ERR_FAILED @ https://asbuilt.telcovantage.com/api/v1/skycable/poles/map:0
[10570858ms] [ERROR] Access to fetch at 'https://asbuilt.telcovantage.com/api/v1/skycable/nodes/5/poles' from origin 'http://localhost:5173' has been blocked by CORS policy: No 'Access-Control-Allow-Origin' header is present on the requested resource. @ http://localhost:5173/spans/south-luzon/LPA120:0
[10570858ms] [ERROR] Failed to load resource: net::ERR_FAILED @ https://asbuilt.telcovantage.com/api/v1/skycable/nodes/5/poles:0
[10575417ms] [ERROR] Access to fetch at 'https://asbuilt.telcovantage.com/api/v1/admin/users?status=on_hold&per_page=1' from origin 'http://localhost:5173' has been blocked by CORS policy: No 'Access-Control-Allow-Origin' header is present on the requested resource. @ http://localhost:5173/spans/south-luzon/LPA120:0
[10575417ms] [ERROR] Failed to load resource: net::ERR_FAILED @ https://asbuilt.telcovantage.com/api/v1/admin/users?status=on_hold&per_page=1:0
[10575419ms] [ERROR] Access to fetch at 'https://asbuilt.telcovantage.com/api/v1/skycable/notifications/unread-count' from origin 'http://localhost:5173' has been blocked by CORS policy: No 'Access-Control-Allow-Origin' header is present on the requested resource. @ http://localhost:5173/spans/south-luzon/LPA120:0
[10575419ms] [ERROR] Failed to load resource: net::ERR_FAILED @ https://asbuilt.telcovantage.com/api/v1/skycable/notifications/unread-count:0
[10575419ms] [ERROR] Access to fetch at 'https://asbuilt.telcovantage.com/api/v1/maintenance' from origin 'http://localhost:5173' has been blocked by CORS policy: No 'Access-Control-Allow-Origin' header is present on the requested resource. @ http://localhost:5173/spans/south-luzon/LPA120:0
[10575419ms] [ERROR] Failed to load resource: net::ERR_FAILED @ https://asbuilt.telcovantage.com/api/v1/maintenance:0
[10575891ms] [ERROR] Access to fetch at 'https://asbuilt.telcovantage.com/api/v1/skycable/spans?node_id=5&per_page=200' from origin 'http://localhost:5173' has been blocked by CORS policy: No 'Access-Control-Allow-Origin' header is present on the requested resource. @ http://localhost:5173/spans/south-luzon/LPA120:0
[10575892ms] [ERROR] Failed to load resource: net::ERR_FAILED @ https://asbuilt.telcovantage.com/api/v1/skycable/spans?node_id=5&per_page=200:0
[10765866ms] [ERROR] Access to fetch at 'https://asbuilt.telcovantage.com/api/v1/skycable/spans?node_id=5&per_page=200' from origin 'http://localhost:5173' has been blocked by CORS policy: No 'Access-Control-Allow-Origin' header is present on the requested resource. @ http://localhost:5173/spans/south-luzon/LPA120:0
[10765866ms] [ERROR] Failed to load resource: net::ERR_FAILED @ https://asbuilt.telcovantage.com/api/v1/skycable/spans?node_id=5&per_page=200:0
[10841093ms] [ERROR] Access to fetch at 'https://asbuilt.telcovantage.com/api/v1/skycable/nodes/5/poles' from origin 'http://localhost:5173' has been blocked by CORS policy: No 'Access-Control-Allow-Origin' header is present on the requested resource. @ http://localhost:5173/spans/south-luzon/LPA120:0
[10841093ms] [ERROR] Failed to load resource: net::ERR_FAILED @ https://asbuilt.telcovantage.com/api/v1/skycable/nodes/5/poles:0
[14630869ms] [ERROR] Access to fetch at 'https://asbuilt.telcovantage.com/api/v1/skycable/spans?node_id=5&per_page=200' from origin 'http://localhost:5173' has been blocked by CORS policy: No 'Access-Control-Allow-Origin' header is present on the requested resource. @ http://localhost:5173/spans/south-luzon/LPA120:0
[14630869ms] [ERROR] Failed to load resource: net::ERR_FAILED @ https://asbuilt.telcovantage.com/api/v1/skycable/spans?node_id=5&per_page=200:0
[15382893ms] [LOG] [vite] server connection lost. Polling for restart... @ http://localhost:5173/@vite/client:968
